// Vitest Snapshot v1, https://vitest.dev/guide/snapshot.html

exports[`nation gold per minute > world map, impossible nations, 20 minutes 1`] = `
{
  "aliveNations": 25,
  "perMinute": [
    {
      "cities": 0,
      "factories": 0,
      "minute": 1,
      "ports": 0,
      "shipsArrived": 0,
      "tradeGold": 0,
      "tradeShipsAtSea": 0,
      "trainGold": 0,
      "trainStops": 0,
      "trainsRunning": 0,
    },
    {
      "cities": 2,
      "factories": 0,
      "minute": 2,
      "ports": 0,
      "shipsArrived": 0,
      "tradeGold": 0,
      "tradeShipsAtSea": 0,
      "trainGold": 0,
      "trainStops": 0,
      "trainsRunning": 0,
    },
    {
      "cities": 60,
      "factories": 0,
      "minute": 3,
      "ports": 1,
      "shipsArrived": 0,
      "tradeGold": 0,
      "tradeShipsAtSea": 0,
      "trainGold": 0,
      "trainStops": 0,
      "trainsRunning": 0,
    },
    {
      "cities": 60,
      "factories": 0,
      "minute": 4,
      "ports": 6,
      "shipsArrived": 0,
      "tradeGold": 0,
      "tradeShipsAtSea": 7,
      "trainGold": 0,
      "trainStops": 0,
      "trainsRunning": 0,
    },
    {
      "cities": 64,
      "factories": 1,
      "minute": 5,
      "ports": 13,
      "shipsArrived": 1,
      "tradeGold": 208600,
      "tradeShipsAtSea": 61,
      "trainGold": 0,
      "trainStops": 0,
      "trainsRunning": 0,
    },
    {
      "cities": 71,
      "factories": 4,
      "minute": 6,
      "ports": 18,
      "shipsArrived": 25,
      "tradeGold": 5288000,
      "tradeShipsAtSea": 122,
      "trainGold": 700000,
      "trainStops": 22,
      "trainsRunning": 14,
    },
    {
      "cities": 77,
      "factories": 4,
      "minute": 7,
      "ports": 22,
      "shipsArrived": 60,
      "tradeGold": 13430000,
      "tradeShipsAtSea": 155,
      "trainGold": 640000,
      "trainStops": 28,
      "trainsRunning": 0,
    },
    {
      "cities": 78,
      "factories": 5,
      "minute": 8,
      "ports": 27,
      "shipsArrived": 83,
      "tradeGold": 21650000,
      "tradeShipsAtSea": 160,
      "trainGold": 430000,
      "trainStops": 25,
      "trainsRunning": 21,
    },
    {
      "cities": 83,
      "factories": 7,
      "minute": 9,
      "ports": 27,
      "shipsArrived": 80,
      "tradeGold": 19600000,
      "tradeShipsAtSea": 168,
      "trainGold": 1080000,
      "trainStops": 44,
      "trainsRunning": 35,
    },
    {
      "cities": 90,
      "factories": 10,
      "minute": 10,
      "ports": 28,
      "shipsArrived": 81,
      "tradeGold": 19580000,
      "tradeShipsAtSea": 211,
      "trainGold": 2310000,
      "trainStops": 71,
      "trainsRunning": 56,
    },
    {
      "cities": 96,
      "factories": 12,
      "minute": 11,
      "ports": 33,
      "shipsArrived": 89,
      "tradeGold": 22310000,
      "tradeShipsAtSea": 239,
      "trainGold": 5280000,
      "trainStops": 106,
      "trainsRunning": 63,
    },
    {
      "cities": 100,
      "factories": 12,
      "minute": 12,
      "ports": 36,
      "shipsArrived": 108,
      "tradeGold": 27660000,
      "tradeShipsAtSea": 257,
      "trainGold": 3890000,
      "trainStops": 111,
      "trainsRunning": 91,
    },
    {
      "cities": 101,
      "factories": 14,
      "minute": 13,
      "ports": 38,
      "shipsArrived": 106,
      "tradeGold": 30700000,
      "tradeShipsAtSea": 259,
      "trainGold": 4325000,
      "trainStops": 137,
      "trainsRunning": 77,
    },
    {
      "cities": 100,
      "factories": 14,
      "minute": 14,
      "ports": 39,
      "shipsArrived": 116,
      "tradeGold": 31370000,
      "tradeShipsAtSea": 255,
      "trainGold": 5140000,
      "trainStops": 142,
      "trainsRunning": 91,
    },
    {
      "cities": 101,
      "factories": 13,
      "minute": 15,
      "ports": 40,
      "shipsArrived": 96,
      "tradeGold": 25720000,
      "tradeShipsAtSea": 273,
      "trainGold": 1740000,
      "trainStops": 138,
      "trainsRunning": 56,
    },
    {
      "cities": 103,
      "factories": 14,
      "minute": 16,
      "ports": 42,
      "shipsArrived": 107,
      "tradeGold": 26680000,
      "tradeShipsAtSea": 299,
      "trainGold": 1210000,
      "trainStops": 105,
      "trainsRunning": 42,
    },
    {
      "cities": 96,
      "factories": 14,
      "minute": 17,
      "ports": 44,
      "shipsArrived": 96,
      "tradeGold": 27450000,
      "tradeShipsAtSea": 290,
      "trainGold": 1190000,
      "trainStops": 89,
      "trainsRunning": 49,
    },
    {
      "cities": 87,
      "factories": 15,
      "minute": 18,
      "ports": 43,
      "shipsArrived": 128,
      "tradeGold": 32240000,
      "tradeShipsAtSea": 272,
      "trainGold": 1605000,
      "trainStops": 113,
      "trainsRunning": 63,
    },
    {
      "cities": 88,
      "factories": 16,
      "minute": 19,
      "ports": 45,
      "shipsArrived": 118,
      "tradeGold": 31490000,
      "tradeShipsAtSea": 315,
      "trainGold": 1065000,
      "trainStops": 96,
      "trainsRunning": 35,
    },
    {
      "cities": 92,
      "factories": 19,
      "minute": 20,
      "ports": 46,
      "shipsArrived": 126,
      "tradeGold": 34980000,
      "tradeShipsAtSea": 302,
      "trainGold": 1570000,
      "trainStops": 135,
      "trainsRunning": 105,
    },
  ],
  "totals": {
    "shipsArrived": 1420,
    "tradeGold": 370400000,
    "trainGold": 32180000,
    "trainStops": 1362,
  },
}
`;
